test &lt;test&gt;
test <span class="tag">&lt;test&gt;</span>
