Input: 4983B, Output: 23484B
Take a look with your browser.
